Expect ';' after expression.
Expect ';' after variable declaration.
Expect ';' after variable declaration.
Expect ';' after variable declaration.
Expect ';' after variable declaration.
expect expression.
Expect ';' after expression.
expect expression.
Expect ';' after expression.
expect expression.
Expect ';' after variable declaration.
expect expression.
Undefined variable m.
Operands must be number
